Traceback (most recent call last):
  File "/nfs_share/lijunhui/Robotwin2/env/lib/python3.10/runpy.py", line 196, in _run_module_as_main
    return _run_code(code, main_globals, None,
  File "/nfs_share/lijunhui/Robotwin2/env/lib/python3.10/runpy.py", line 86, in _run_code
    exec(code, run_globals)
  File "/nfs_share/lijunhui/Robotwin2/project/RoboTwin/controlled_multi_future/probes/runtime_v3_1_complete_family_scope.py", line 192, in <module>
    raise SystemExit(main())
  File "/nfs_share/lijunhui/Robotwin2/project/RoboTwin/controlled_multi_future/probes/runtime_v3_1_complete_family_scope.py", line 160, in main
    root = RealSapienPilotRootOrchestratorV1_1(adapter).run_nonformal_root(
  File "/nfs_share/lijunhui/Robotwin2/project/RoboTwin/controlled_multi_future/root_orchestrator_v1_1.py", line 856, in run_nonformal_root
    _write_json(output_dir / "root_receipt.json", receipt)
  File "/nfs_share/lijunhui/Robotwin2/project/RoboTwin/controlled_multi_future/root_orchestrator_v1_1.py", line 112, in _write_json
    path.write_text(json.dumps(value, ensure_ascii=False, indent=2, sort_keys=True) + "\n", encoding="utf-8")
  File "/nfs_share/lijunhui/Robotwin2/env/lib/python3.10/json/__init__.py", line 238, in dumps
    **kw).encode(obj)
  File "/nfs_share/lijunhui/Robotwin2/env/lib/python3.10/json/encoder.py", line 201, in encode
    chunks = list(chunks)
  File "/nfs_share/lijunhui/Robotwin2/env/lib/python3.10/json/encoder.py", line 431, in _iterencode
    yield from _iterencode_dict(o, _current_indent_level)
  File "/nfs_share/lijunhui/Robotwin2/env/lib/python3.10/json/encoder.py", line 405, in _iterencode_dict
    yield from chunks
  File "/nfs_share/lijunhui/Robotwin2/env/lib/python3.10/json/encoder.py", line 325, in _iterencode_list
    yield from chunks
  File "/nfs_share/lijunhui/Robotwin2/env/lib/python3.10/json/encoder.py", line 405, in _iterencode_dict
    yield from chunks
  File "/nfs_share/lijunhui/Robotwin2/env/lib/python3.10/json/encoder.py", line 405, in _iterencode_dict
    yield from chunks
  File "/nfs_share/lijunhui/Robotwin2/env/lib/python3.10/json/encoder.py", line 438, in _iterencode
    o = _default(o)
  File "/nfs_share/lijunhui/Robotwin2/env/lib/python3.10/json/encoder.py", line 179, in default
    raise TypeError(f'Object of type {o.__class__.__name__} '
TypeError: Object of type bool_ is not JSON serializable
